[0815/034129.956123:ERROR:base/files/file_path_watcher_inotify.cc:925] Failed to read /proc/sys/fs/inotify/max_user_watches
[0815/034129.956446:ERROR:content/app/content_main_runner_impl.cc:415] Failed to initialize cpuinfo
[0815/034129.959916:ERROR:dbus/bus.cc:405] Failed to connect to the bus: Failed to connect to socket /run/dbus/system_bus_socket: Permission denied
[0815/034129.960254:ERROR:base/files/file_path_watcher_inotify.cc:925] Failed to read /proc/sys/fs/inotify/max_user_watches
[0815/034129.960451:ERROR:content/app/content_main_runner_impl.cc:415] Failed to initialize cpuinfo
[0815/034129.961244:ERROR:base/files/file_path_watcher_inotify.cc:925] Failed to read /proc/sys/fs/inotify/max_user_watches
[0815/034129.961878:ERROR:dbus/bus.cc:405] Failed to connect to the bus: Failed to connect to socket /run/dbus/system_bus_socket: Permission denied
[0815/034129.962014:ERROR:dbus/bus.cc:405] Failed to connect to the bus: Failed to connect to socket /run/dbus/system_bus_socket: Permission denied
[0815/034130.211313:WARNING:media/gpu/vaapi/vaapi_wrapper.cc:1655] drmGetDevices2() has not found any devices
[0815/034130.216001:WARNING:sandbox/policy/linux/sandbox_linux.cc:405] InitializeSandbox() called with multiple threads in process gpu-process.
[0815/034130.814918:WARNING:device/bluetooth/dbus/bluez_dbus_manager.cc:209] Floss manager service not available, cannot set Floss enable/disable.
[0815/034130.851476:ERROR:base/files/file_path_watcher_inotify.cc:925] Failed to read /proc/sys/fs/inotify/max_user_watches
[0815/034130.949928:ERROR:dbus/bus.cc:405] Failed to connect to the bus: Could not parse server address: Unknown address type (examples of valid types are "tcp" and on UNIX "unix")
[0815/034130.950034:ERROR:dbus/object_proxy.cc:572] Failed to call method: org.freedesktop.DBus.NameHasOwner: object_path= /org/freedesktop/DBus: unknown error type: 
<!DOCTYPE html>
<html lang="fr"><head>
  <meta charset="utf-8">
  <meta name="viewport" content="width=device-width, initial-scale=1">
  <meta name="description" content="Estime le temps nécessaire pour lire un texte, directement dans ton navigateur.">
  <title>TempoTexte — Estimer un temps de lecture</title>
  <link rel="stylesheet" href="styles.css">
</head>
<body>
  <main class="page-shell">
    <header class="intro">
      <p class="eyebrow">TEMPO TEXTE</p>
      <h1>Combien de temps pour lire ton texte&nbsp;?</h1>
      <p class="lede">Colle ton texte ci-dessous pour obtenir une estimation immédiate. Rien ne quitte ton navigateur.</p>
    </header>

    <form id="estimator" class="estimator" novalidate="">
      <div class="field">
        <label for="text">Ton texte</label>
        <textarea id="text" name="text" rows="12" required="" placeholder="Colle ou écris ton texte ici…" aria-describedby="text-help"></textarea>
        <p id="text-help" class="help">Les espaces et la ponctuation sont pris en compte automatiquement.</p>
      </div>
      <div class="controls">
        <div class="field speed-field">
          <label for="speed">Vitesse de lecture</label>
          <div class="input-with-unit">
            <input id="speed" name="speed" type="number" min="1" max="2000" step="1" value="200" inputmode="numeric" required="" aria-describedby="speed-help">
            <span aria-hidden="true">mots/min</span>
          </div>
          <p id="speed-help" class="help">La moyenne habituelle est de 200 mots par minute.</p>
        </div>
        <button type="submit">Estimer le temps</button>
      </div>
    </form>

    <section class="result-panel" aria-labelledby="result-heading">
      <h2 id="result-heading">Résultat</h2>
      <p id="result" aria-live="polite" aria-atomic="true">Ton estimation apparaîtra ici.</p>
    </section>

    <footer><p>Calcul local, sans compte et sans collecte de texte.</p></footer>
  </main>
  <script type="module" src="app.js"></script>


</body></html>
